// Jest Snapshot v1, https://goo.gl/fbAQLP

exports[`renders dark without crashing 1`] = `
<DocumentFragment>
  <header
    class="MuiPaper-root MuiAppBar-root MuiAppBar-positionFixed MuiAppBar-colorPrimary WithStyles(ForwardRef(AppBar))-root WithStyles(ForwardRef(AppBar))-root mui-fixed MuiPaper-elevation4"
  >
    <div
      class="MuiToolbar-root MuiToolbar-regular MuiToolbar-gutters"
    />
  </header>
</DocumentFragment>
`;

exports[`renders light without crashing 1`] = `
<DocumentFragment>
  <header
    class="MuiPaper-root MuiAppBar-root MuiAppBar-positionFixed MuiAppBar-colorPrimary WithStyles(ForwardRef(AppBar))-root WithStyles(ForwardRef(AppBar))-root mui-fixed MuiPaper-elevation4"
  >
    <div
      class="MuiToolbar-root MuiToolbar-regular MuiToolbar-gutters"
    />
  </header>
</DocumentFragment>
`;
