// Jest Snapshot v1, https://goo.gl/fbAQLP

exports[`renders all variants 1`] = `
<DocumentFragment>
  <div
    class="MuiBox-root MuiBox-root Styled(MuiBox)-root Styled(MuiBox)-root"
  >
    <button
      class="MuiButtonBase-root MuiButton-root MuiButton-contained ForwardRef(withPositioning)-root ForwardRef(withPositioning)-root"
      tabindex="0"
      type="button"
    >
      <span
        class="MuiButton-label"
      >
        Default
      </span>
      <span
        class="MuiTouchRipple-root"
      />
    </button>
    <button
      class="MuiButtonBase-root MuiButton-root MuiButton-contained ForwardRef(withPositioning)-root ForwardRef(withPositioning)-root MuiButton-disabled MuiButtonBase-disabled"
      disabled=""
      tabindex="-1"
      type="button"
    >
      <span
        class="MuiButton-label"
      >
        Default
      </span>
    </button>
  </div>
  <div
    class="MuiBox-root MuiBox-root Styled(MuiBox)-root Styled(MuiBox)-root"
  >
    <button
      class="MuiButtonBase-root MuiButton-root MuiButton-contained ForwardRef(withPositioning)-root ForwardRef(withPositioning)-root MuiButton-containedPrimary"
      tabindex="0"
      type="button"
    >
      <span
        class="MuiButton-label"
      >
        Primary
      </span>
      <span
        class="MuiTouchRipple-root"
      />
    </button>
    <button
      class="MuiButtonBase-root MuiButton-root MuiButton-contained ForwardRef(withPositioning)-root ForwardRef(withPositioning)-root MuiButton-containedPrimary MuiButton-disabled MuiButtonBase-disabled"
      disabled=""
      tabindex="-1"
      type="button"
    >
      <span
        class="MuiButton-label"
      >
        Primary
      </span>
    </button>
  </div>
  <div
    class="MuiBox-root MuiBox-root Styled(MuiBox)-root Styled(MuiBox)-root"
  >
    <button
      class="MuiButtonBase-root MuiButton-root MuiButton-contained ForwardRef(withPositioning)-root ForwardRef(withPositioning)-root MuiButton-containedSecondary"
      tabindex="0"
      type="button"
    >
      <span
        class="MuiButton-label"
      >
        Secondary
      </span>
      <span
        class="MuiTouchRipple-root"
      />
    </button>
    <button
      class="MuiButtonBase-root MuiButton-root MuiButton-contained ForwardRef(withPositioning)-root ForwardRef(withPositioning)-root MuiButton-containedSecondary MuiButton-disabled MuiButtonBase-disabled"
      disabled=""
      tabindex="-1"
      type="button"
    >
      <span
        class="MuiButton-label"
      >
        Secondary
      </span>
    </button>
  </div>
  <div
    class="MuiBox-root MuiBox-root Styled(MuiBox)-root Styled(MuiBox)-root"
  >
    <button
      class="MuiButtonBase-root MuiButton-root MuiButton-outlined ForwardRef(withPositioning)-root ForwardRef(withPositioning)-root"
      tabindex="0"
      type="button"
    >
      <span
        class="MuiButton-label"
      >
        Default
      </span>
      <span
        class="MuiTouchRipple-root"
      />
    </button>
    <button
      class="MuiButtonBase-root MuiButton-root MuiButton-outlined ForwardRef(withPositioning)-root ForwardRef(withPositioning)-root MuiButton-disabled MuiButtonBase-disabled"
      disabled=""
      tabindex="-1"
      type="button"
    >
      <span
        class="MuiButton-label"
      >
        Default
      </span>
    </button>
  </div>
  <div
    class="MuiBox-root MuiBox-root Styled(MuiBox)-root Styled(MuiBox)-root"
  >
    <button
      class="MuiButtonBase-root MuiButton-root MuiButton-outlined ForwardRef(withPositioning)-root ForwardRef(withPositioning)-root MuiButton-outlinedPrimary"
      tabindex="0"
      type="button"
    >
      <span
        class="MuiButton-label"
      >
        Primary
      </span>
      <span
        class="MuiTouchRipple-root"
      />
    </button>
    <button
      class="MuiButtonBase-root MuiButton-root MuiButton-outlined ForwardRef(withPositioning)-root ForwardRef(withPositioning)-root MuiButton-outlinedPrimary MuiButton-disabled MuiButtonBase-disabled"
      disabled=""
      tabindex="-1"
      type="button"
    >
      <span
        class="MuiButton-label"
      >
        Primary
      </span>
    </button>
  </div>
  <div
    class="MuiBox-root MuiBox-root Styled(MuiBox)-root Styled(MuiBox)-root"
  >
    <button
      class="MuiButtonBase-root MuiButton-root MuiButton-outlined ForwardRef(withPositioning)-root ForwardRef(withPositioning)-root MuiButton-outlinedSecondary"
      tabindex="0"
      type="button"
    >
      <span
        class="MuiButton-label"
      >
        Secondary
      </span>
      <span
        class="MuiTouchRipple-root"
      />
    </button>
    <button
      class="MuiButtonBase-root MuiButton-root MuiButton-outlined ForwardRef(withPositioning)-root ForwardRef(withPositioning)-root MuiButton-outlinedSecondary MuiButton-disabled MuiButtonBase-disabled"
      disabled=""
      tabindex="-1"
      type="button"
    >
      <span
        class="MuiButton-label"
      >
        Secondary
      </span>
    </button>
  </div>
  <div
    class="MuiBox-root MuiBox-root Styled(MuiBox)-root Styled(MuiBox)-root"
  >
    <button
      class="MuiButtonBase-root MuiButton-root MuiButton-text ForwardRef(withPositioning)-root ForwardRef(withPositioning)-root"
      tabindex="0"
      type="button"
    >
      <span
        class="MuiButton-label"
      >
        Default
      </span>
      <span
        class="MuiTouchRipple-root"
      />
    </button>
    <button
      class="MuiButtonBase-root MuiButton-root MuiButton-text ForwardRef(withPositioning)-root ForwardRef(withPositioning)-root MuiButton-disabled MuiButtonBase-disabled"
      disabled=""
      tabindex="-1"
      type="button"
    >
      <span
        class="MuiButton-label"
      >
        Default
      </span>
    </button>
  </div>
  <div
    class="MuiBox-root MuiBox-root Styled(MuiBox)-root Styled(MuiBox)-root"
  >
    <button
      class="MuiButtonBase-root MuiButton-root MuiButton-text ForwardRef(withPositioning)-root ForwardRef(withPositioning)-root MuiButton-textPrimary"
      tabindex="0"
      type="button"
    >
      <span
        class="MuiButton-label"
      >
        Primary
      </span>
      <span
        class="MuiTouchRipple-root"
      />
    </button>
    <button
      class="MuiButtonBase-root MuiButton-root MuiButton-text ForwardRef(withPositioning)-root ForwardRef(withPositioning)-root MuiButton-textPrimary MuiButton-disabled MuiButtonBase-disabled"
      disabled=""
      tabindex="-1"
      type="button"
    >
      <span
        class="MuiButton-label"
      >
        Primary
      </span>
    </button>
  </div>
  <div
    class="MuiBox-root MuiBox-root Styled(MuiBox)-root Styled(MuiBox)-root"
  >
    <button
      class="MuiButtonBase-root MuiButton-root MuiButton-text ForwardRef(withPositioning)-root ForwardRef(withPositioning)-root MuiButton-textSecondary"
      tabindex="0"
      type="button"
    >
      <span
        class="MuiButton-label"
      >
        Secondary
      </span>
      <span
        class="MuiTouchRipple-root"
      />
    </button>
    <button
      class="MuiButtonBase-root MuiButton-root MuiButton-text ForwardRef(withPositioning)-root ForwardRef(withPositioning)-root MuiButton-textSecondary MuiButton-disabled MuiButtonBase-disabled"
      disabled=""
      tabindex="-1"
      type="button"
    >
      <span
        class="MuiButton-label"
      >
        Secondary
      </span>
    </button>
  </div>
</DocumentFragment>
`;

exports[`renders dark without crashing 1`] = `
<DocumentFragment>
  <button
    class="MuiButtonBase-root MuiButton-root MuiButton-contained ForwardRef(withPositioning)-root ForwardRef(withPositioning)-root"
    tabindex="0"
    type="button"
  >
    <span
      class="MuiButton-label"
    />
    <span
      class="MuiTouchRipple-root"
    />
  </button>
</DocumentFragment>
`;

exports[`renders light without crashing 1`] = `
<DocumentFragment>
  <button
    class="MuiButtonBase-root MuiButton-root MuiButton-contained ForwardRef(withPositioning)-root ForwardRef(withPositioning)-root"
    tabindex="0"
    type="button"
  >
    <span
      class="MuiButton-label"
    />
    <span
      class="MuiTouchRipple-root"
    />
  </button>
</DocumentFragment>
`;
