// Jest Snapshot v1, https://goo.gl/fbAQLP

exports[`Button renders without crashing 1`] = `
<DocumentFragment>
  <div
    class="MuiBox-root MuiBox-root-3 Styled(MuiBox)-root-1 Styled(MuiBox)-root-2"
  >
    <button
      class="MuiButtonBase-root MuiButton-root MuiButton-contained Component-root-4 Component-root-5"
      tabindex="0"
      type="button"
    >
      <span
        class="MuiButton-label"
      >
        Default
      </span>
      <span
        class="MuiTouchRipple-root"
      />
    </button>
    <button
      class="MuiButtonBase-root MuiButton-root MuiButton-contained Component-root-4 Component-root-6 Mui-disabled Mui-disabled"
      disabled=""
      tabindex="-1"
      type="button"
    >
      <span
        class="MuiButton-label"
      >
        Default
      </span>
    </button>
  </div>
  <div
    class="MuiBox-root MuiBox-root-8 Styled(MuiBox)-root-1 Styled(MuiBox)-root-7"
  >
    <button
      class="MuiButtonBase-root MuiButton-root MuiButton-contained Component-root-4 Component-root-9 MuiButton-containedPrimary"
      tabindex="0"
      type="button"
    >
      <span
        class="MuiButton-label"
      >
        Primary
      </span>
      <span
        class="MuiTouchRipple-root"
      />
    </button>
    <button
      class="MuiButtonBase-root MuiButton-root MuiButton-contained Component-root-4 Component-root-10 MuiButton-containedPrimary Mui-disabled Mui-disabled"
      disabled=""
      tabindex="-1"
      type="button"
    >
      <span
        class="MuiButton-label"
      >
        Primary
      </span>
    </button>
  </div>
  <div
    class="MuiBox-root MuiBox-root-12 Styled(MuiBox)-root-1 Styled(MuiBox)-root-11"
  >
    <button
      class="MuiButtonBase-root MuiButton-root MuiButton-contained Component-root-4 Component-root-13 MuiButton-containedSecondary"
      tabindex="0"
      type="button"
    >
      <span
        class="MuiButton-label"
      >
        Secondary
      </span>
      <span
        class="MuiTouchRipple-root"
      />
    </button>
    <button
      class="MuiButtonBase-root MuiButton-root MuiButton-contained Component-root-4 Component-root-14 MuiButton-containedSecondary Mui-disabled Mui-disabled"
      disabled=""
      tabindex="-1"
      type="button"
    >
      <span
        class="MuiButton-label"
      >
        Secondary
      </span>
    </button>
  </div>
  <div
    class="MuiBox-root MuiBox-root-16 Styled(MuiBox)-root-1 Styled(MuiBox)-root-15"
  >
    <button
      class="MuiButtonBase-root MuiButton-root MuiButton-outlined Component-root-4 Component-root-17"
      tabindex="0"
      type="button"
    >
      <span
        class="MuiButton-label"
      >
        Default
      </span>
      <span
        class="MuiTouchRipple-root"
      />
    </button>
    <button
      class="MuiButtonBase-root MuiButton-root MuiButton-outlined Component-root-4 Component-root-18 Mui-disabled Mui-disabled"
      disabled=""
      tabindex="-1"
      type="button"
    >
      <span
        class="MuiButton-label"
      >
        Default
      </span>
    </button>
  </div>
  <div
    class="MuiBox-root MuiBox-root-20 Styled(MuiBox)-root-1 Styled(MuiBox)-root-19"
  >
    <button
      class="MuiButtonBase-root MuiButton-root MuiButton-outlined Component-root-4 Component-root-21 MuiButton-outlinedPrimary"
      tabindex="0"
      type="button"
    >
      <span
        class="MuiButton-label"
      >
        Primary
      </span>
      <span
        class="MuiTouchRipple-root"
      />
    </button>
    <button
      class="MuiButtonBase-root MuiButton-root MuiButton-outlined Component-root-4 Component-root-22 MuiButton-outlinedPrimary Mui-disabled Mui-disabled"
      disabled=""
      tabindex="-1"
      type="button"
    >
      <span
        class="MuiButton-label"
      >
        Primary
      </span>
    </button>
  </div>
  <div
    class="MuiBox-root MuiBox-root-24 Styled(MuiBox)-root-1 Styled(MuiBox)-root-23"
  >
    <button
      class="MuiButtonBase-root MuiButton-root MuiButton-outlined Component-root-4 Component-root-25 MuiButton-outlinedSecondary"
      tabindex="0"
      type="button"
    >
      <span
        class="MuiButton-label"
      >
        Secondary
      </span>
      <span
        class="MuiTouchRipple-root"
      />
    </button>
    <button
      class="MuiButtonBase-root MuiButton-root MuiButton-outlined Component-root-4 Component-root-26 MuiButton-outlinedSecondary Mui-disabled Mui-disabled"
      disabled=""
      tabindex="-1"
      type="button"
    >
      <span
        class="MuiButton-label"
      >
        Secondary
      </span>
    </button>
  </div>
  <div
    class="MuiBox-root MuiBox-root-28 Styled(MuiBox)-root-1 Styled(MuiBox)-root-27"
  >
    <button
      class="MuiButtonBase-root MuiButton-root MuiButton-text Component-root-4 Component-root-29"
      tabindex="0"
      type="button"
    >
      <span
        class="MuiButton-label"
      >
        Default
      </span>
      <span
        class="MuiTouchRipple-root"
      />
    </button>
    <button
      class="MuiButtonBase-root MuiButton-root MuiButton-text Component-root-4 Component-root-30 Mui-disabled Mui-disabled"
      disabled=""
      tabindex="-1"
      type="button"
    >
      <span
        class="MuiButton-label"
      >
        Default
      </span>
    </button>
  </div>
  <div
    class="MuiBox-root MuiBox-root-32 Styled(MuiBox)-root-1 Styled(MuiBox)-root-31"
  >
    <button
      class="MuiButtonBase-root MuiButton-root MuiButton-text Component-root-4 Component-root-33 MuiButton-textPrimary"
      tabindex="0"
      type="button"
    >
      <span
        class="MuiButton-label"
      >
        Primary
      </span>
      <span
        class="MuiTouchRipple-root"
      />
    </button>
    <button
      class="MuiButtonBase-root MuiButton-root MuiButton-text Component-root-4 Component-root-34 MuiButton-textPrimary Mui-disabled Mui-disabled"
      disabled=""
      tabindex="-1"
      type="button"
    >
      <span
        class="MuiButton-label"
      >
        Primary
      </span>
    </button>
  </div>
  <div
    class="MuiBox-root MuiBox-root-36 Styled(MuiBox)-root-1 Styled(MuiBox)-root-35"
  >
    <button
      class="MuiButtonBase-root MuiButton-root MuiButton-text Component-root-4 Component-root-37 MuiButton-textSecondary"
      tabindex="0"
      type="button"
    >
      <span
        class="MuiButton-label"
      >
        Secondary
      </span>
      <span
        class="MuiTouchRipple-root"
      />
    </button>
    <button
      class="MuiButtonBase-root MuiButton-root MuiButton-text Component-root-4 Component-root-38 MuiButton-textSecondary Mui-disabled Mui-disabled"
      disabled=""
      tabindex="-1"
      type="button"
    >
      <span
        class="MuiButton-label"
      >
        Secondary
      </span>
    </button>
  </div>
</DocumentFragment>
`;
