// Jest Snapshot v1, https://goo.gl/fbAQLP

exports[`renders dark without crashing 1`] = `
<DocumentFragment>
  <div
    class="MuiChip-root WithStyles(ForwardRef(Chip))-root WithStyles(ForwardRef(Chip))-root"
  >
    <span
      class="MuiChip-label"
    >
      Test
    </span>
  </div>
</DocumentFragment>
`;

exports[`renders light without crashing 1`] = `
<DocumentFragment>
  <div
    class="MuiChip-root WithStyles(ForwardRef(Chip))-root WithStyles(ForwardRef(Chip))-root"
  >
    <span
      class="MuiChip-label"
    >
      Test
    </span>
  </div>
</DocumentFragment>
`;
