// Jest Snapshot v1, https://goo.gl/fbAQLP

exports[`renders dark without crashing 1`] = `
<DocumentFragment>
  <div
    class="div-root div-root"
  >
    <div>
      <pre
        class="language-json"
      >
        <code
          class="language-json"
        >
          <span
            class="token punctuation"
          >
            {
          </span>
          
  
          <span
            class="token property"
          >
            "scripts"
          </span>
          <span
            class="token operator"
          >
            :
          </span>
           
          <span
            class="token punctuation"
          >
            {
          </span>
          
    
          <span
            class="token property"
          >
            "format"
          </span>
          <span
            class="token operator"
          >
            :
          </span>
           
          <span
            class="token string"
          >
            "prettier --write '{**/*.js,*.ts,*.tsx,*.json,*.md,*.mdx}'"
          </span>
          <span
            class="token punctuation"
          >
            ,
          </span>
          
    
          <span
            class="token property"
          >
            "format-check"
          </span>
          <span
            class="token operator"
          >
            :
          </span>
           
          <span
            class="token string"
          >
            "prettier --check '{**/*.js,*.ts,*.tsx,*.json,*.md,*.mdx}'"
          </span>
          
  
          <span
            class="token punctuation"
          >
            }
          </span>
          <span
            class="token punctuation"
          >
            ,
          </span>
          
  
          <span
            class="token property"
          >
            "prettier"
          </span>
          <span
            class="token operator"
          >
            :
          </span>
           
          <span
            class="token punctuation"
          >
            {
          </span>
          
    
          <span
            class="token property"
          >
            "semi"
          </span>
          <span
            class="token operator"
          >
            :
          </span>
           
          <span
            class="token boolean"
          >
            false
          </span>
          <span
            class="token punctuation"
          >
            ,
          </span>
          
    
          <span
            class="token property"
          >
            "singleQuote"
          </span>
          <span
            class="token operator"
          >
            :
          </span>
           
          <span
            class="token boolean"
          >
            true
          </span>
          
  
          <span
            class="token punctuation"
          >
            }
          </span>
          <span
            class="token punctuation"
          >
            ,
          </span>
          
  
          <span
            class="token property"
          >
            "husky"
          </span>
          <span
            class="token operator"
          >
            :
          </span>
           
          <span
            class="token punctuation"
          >
            {
          </span>
          
    
          <span
            class="token property"
          >
            "hooks"
          </span>
          <span
            class="token operator"
          >
            :
          </span>
           
          <span
            class="token punctuation"
          >
            {
          </span>
          
      
          <span
            class="token property"
          >
            "pre-commit"
          </span>
          <span
            class="token operator"
          >
            :
          </span>
           
          <span
            class="token string"
          >
            "pretty-quick --staged"
          </span>
          
    
          <span
            class="token punctuation"
          >
            }
          </span>
          
  
          <span
            class="token punctuation"
          >
            }
          </span>
          

          <span
            class="token punctuation"
          >
            }
          </span>
          

        </code>
      </pre>
    </div>
  </div>
</DocumentFragment>
`;

exports[`renders light without crashing 1`] = `
<DocumentFragment>
  <div
    class="div-root div-root"
  >
    <div>
      <pre
        class="language-json"
      >
        <code
          class="language-json"
        >
          <span
            class="token punctuation"
          >
            {
          </span>
          
  
          <span
            class="token property"
          >
            "scripts"
          </span>
          <span
            class="token operator"
          >
            :
          </span>
           
          <span
            class="token punctuation"
          >
            {
          </span>
          
    
          <span
            class="token property"
          >
            "format"
          </span>
          <span
            class="token operator"
          >
            :
          </span>
           
          <span
            class="token string"
          >
            "prettier --write '{**/*.js,*.ts,*.tsx,*.json,*.md,*.mdx}'"
          </span>
          <span
            class="token punctuation"
          >
            ,
          </span>
          
    
          <span
            class="token property"
          >
            "format-check"
          </span>
          <span
            class="token operator"
          >
            :
          </span>
           
          <span
            class="token string"
          >
            "prettier --check '{**/*.js,*.ts,*.tsx,*.json,*.md,*.mdx}'"
          </span>
          
  
          <span
            class="token punctuation"
          >
            }
          </span>
          <span
            class="token punctuation"
          >
            ,
          </span>
          
  
          <span
            class="token property"
          >
            "prettier"
          </span>
          <span
            class="token operator"
          >
            :
          </span>
           
          <span
            class="token punctuation"
          >
            {
          </span>
          
    
          <span
            class="token property"
          >
            "semi"
          </span>
          <span
            class="token operator"
          >
            :
          </span>
           
          <span
            class="token boolean"
          >
            false
          </span>
          <span
            class="token punctuation"
          >
            ,
          </span>
          
    
          <span
            class="token property"
          >
            "singleQuote"
          </span>
          <span
            class="token operator"
          >
            :
          </span>
           
          <span
            class="token boolean"
          >
            true
          </span>
          
  
          <span
            class="token punctuation"
          >
            }
          </span>
          <span
            class="token punctuation"
          >
            ,
          </span>
          
  
          <span
            class="token property"
          >
            "husky"
          </span>
          <span
            class="token operator"
          >
            :
          </span>
           
          <span
            class="token punctuation"
          >
            {
          </span>
          
    
          <span
            class="token property"
          >
            "hooks"
          </span>
          <span
            class="token operator"
          >
            :
          </span>
           
          <span
            class="token punctuation"
          >
            {
          </span>
          
      
          <span
            class="token property"
          >
            "pre-commit"
          </span>
          <span
            class="token operator"
          >
            :
          </span>
           
          <span
            class="token string"
          >
            "pretty-quick --staged"
          </span>
          
    
          <span
            class="token punctuation"
          >
            }
          </span>
          
  
          <span
            class="token punctuation"
          >
            }
          </span>
          

          <span
            class="token punctuation"
          >
            }
          </span>
          

        </code>
      </pre>
    </div>
  </div>
</DocumentFragment>
`;
