// Jest Snapshot v1, https://goo.gl/fbAQLP

exports[`renders dark without crashing 1`] = `<DocumentFragment />`;

exports[`renders light without crashing 1`] = `<DocumentFragment />`;

exports[`renders open without crashing 1`] = `<DocumentFragment />`;

exports[`renders open without crashing 2`] = `<DocumentFragment />`;
