// Jest Snapshot v1, https://goo.gl/fbAQLP

exports[`renders dark without crashing 1`] = `
<DocumentFragment>
  <hr
    class="MuiDivider-root WithStyles(ForwardRef(Divider))-root WithStyles(ForwardRef(Divider))-root"
  />
</DocumentFragment>
`;

exports[`renders light without crashing 1`] = `
<DocumentFragment>
  <hr
    class="MuiDivider-root WithStyles(ForwardRef(Divider))-root WithStyles(ForwardRef(Divider))-root"
  />
</DocumentFragment>
`;
