// Jest Snapshot v1, https://goo.gl/fbAQLP

exports[`renders dark without crashing 1`] = `
<DocumentFragment>
  <form
    class="ForwardRef(withPositioning)-root ForwardRef(withPositioning)-root ForwardRef(withSizing)-root ForwardRef(withSizing)-root"
    data-testid="form"
  >
    <div
      class="MuiFormControl-root WithStyles(ForwardRef(FormControl))-root WithStyles(ForwardRef(FormControl))-root"
    >
      <label
        class="MuiFormLabel-root MuiInputLabel-root MuiInputLabel-formControl MuiInputLabel-animated MuiInputLabel-outlined"
        data-shrink="false"
        for="my-input"
      >
        Email address
      </label>
      <div
        class="MuiInputBase-root MuiInput-root MuiInput-underline MuiInputBase-formControl MuiInput-formControl"
      >
        <input
          aria-describedby="my-helper-text"
          aria-invalid="false"
          class="MuiInputBase-input MuiInput-input"
          id="my-input"
          type="text"
          value=""
        />
      </div>
    </div>
  </form>
</DocumentFragment>
`;

exports[`renders light without crashing 1`] = `
<DocumentFragment>
  <form
    class="ForwardRef(withPositioning)-root ForwardRef(withPositioning)-root ForwardRef(withSizing)-root ForwardRef(withSizing)-root"
    data-testid="form"
  >
    <div
      class="MuiFormControl-root WithStyles(ForwardRef(FormControl))-root WithStyles(ForwardRef(FormControl))-root"
    >
      <label
        class="MuiFormLabel-root MuiInputLabel-root MuiInputLabel-formControl MuiInputLabel-animated MuiInputLabel-outlined"
        data-shrink="false"
        for="my-input"
      >
        Email address
      </label>
      <div
        class="MuiInputBase-root MuiInput-root MuiInput-underline MuiInputBase-formControl MuiInput-formControl"
      >
        <input
          aria-describedby="my-helper-text"
          aria-invalid="false"
          class="MuiInputBase-input MuiInput-input"
          id="my-input"
          type="text"
          value=""
        />
      </div>
    </div>
  </form>
</DocumentFragment>
`;
