// Jest Snapshot v1, https://goo.gl/fbAQLP

exports[`Box renders 1`] = `
<div
  className="sc-bwzfXH eDLSIw"
  color="primary.3"
>
  Box
</div>
`;

exports[`Button renders 1`] = `
Array [
  <button
    className="sc-ifAKCX ghasZJ"
    color="#9FB3C8"
    disabled={true}
    fontSize="12px"
    fontWeight={500}
    size="sm"
    type="outlined"
  >
    Button
  </button>,
  <button
    className="sc-ifAKCX iiIXLN"
    color="#9FB3C8"
    disabled={true}
    fontSize="12px"
    fontWeight={500}
    size="sm"
    type="outlined"
  >
    Button
  </button>,
  <button
    className="sc-ifAKCX gcPyYr"
    color="#9FB3C8"
    disabled={false}
    fontSize="12px"
    fontWeight={500}
    size="sm"
    type="outlined"
  >
    Button
  </button>,
  <button
    className="sc-ifAKCX gThViz"
    color="#9FB3C8"
    disabled={false}
    fontSize="12px"
    fontWeight={500}
    size="sm"
    type="outlined"
  >
    Button
  </button>,
  <button
    className="sc-ifAKCX hpiflD"
    color="#9FB3C8"
    disabled={true}
    fontSize="14px"
    fontWeight={500}
    size="md"
    type="outlined"
  >
    Button
  </button>,
  <button
    className="sc-ifAKCX bkskdB"
    color="#9FB3C8"
    disabled={true}
    fontSize="14px"
    fontWeight={500}
    size="md"
    type="outlined"
  >
    Button
  </button>,
  <button
    className="sc-ifAKCX gCKbcm"
    color="#9FB3C8"
    disabled={false}
    fontSize="14px"
    fontWeight={500}
    size="md"
    type="outlined"
  >
    Button
  </button>,
  <button
    className="sc-ifAKCX gLppra"
    color="#9FB3C8"
    disabled={false}
    fontSize="14px"
    fontWeight={500}
    size="md"
    type="outlined"
  >
    Button
  </button>,
  <button
    className="sc-ifAKCX gXAGPg"
    color="#9FB3C8"
    disabled={true}
    fontSize="16px"
    fontWeight={700}
    size="lg"
    type="outlined"
  >
    Button
  </button>,
  <button
    className="sc-ifAKCX eXJcnF"
    color="#9FB3C8"
    disabled={true}
    fontSize="16px"
    fontWeight={700}
    size="lg"
    type="outlined"
  >
    Button
  </button>,
  <button
    className="sc-ifAKCX dHfzFc"
    color="#9FB3C8"
    disabled={false}
    fontSize="16px"
    fontWeight={700}
    size="lg"
    type="outlined"
  >
    Button
  </button>,
  <button
    className="sc-ifAKCX dQKnsP"
    color="#9FB3C8"
    disabled={false}
    fontSize="16px"
    fontWeight={700}
    size="lg"
    type="outlined"
  >
    Button
  </button>,
  <button
    className="sc-ifAKCX iLnpLE"
    color="#9FB3C8"
    disabled={true}
    fontSize="20px"
    fontWeight={700}
    size="xl"
    type="outlined"
  >
    Button
  </button>,
  <button
    className="sc-ifAKCX hLarsP"
    color="#9FB3C8"
    disabled={true}
    fontSize="20px"
    fontWeight={700}
    size="xl"
    type="outlined"
  >
    Button
  </button>,
  <button
    className="sc-ifAKCX fCuGGf"
    color="#9FB3C8"
    disabled={false}
    fontSize="20px"
    fontWeight={700}
    size="xl"
    type="outlined"
  >
    Button
  </button>,
  <button
    className="sc-ifAKCX jTdzwr"
    color="#9FB3C8"
    disabled={false}
    fontSize="20px"
    fontWeight={700}
    size="xl"
    type="outlined"
  >
    Button
  </button>,
  <button
    className="sc-ifAKCX cyUtyp"
    color="#4098D7"
    disabled={true}
    fontSize="12px"
    fontWeight={500}
    size="sm"
    type="outlined"
  >
    Button
  </button>,
  <button
    className="sc-ifAKCX fXmHGA"
    color="#4098D7"
    disabled={true}
    fontSize="12px"
    fontWeight={500}
    size="sm"
    type="outlined"
  >
    Button
  </button>,
  <button
    className="sc-ifAKCX ebMOSp"
    color="#4098D7"
    disabled={false}
    fontSize="12px"
    fontWeight={500}
    size="sm"
    type="outlined"
  >
    Button
  </button>,
  <button
    className="sc-ifAKCX fXsLAc"
    color="#4098D7"
    disabled={false}
    fontSize="12px"
    fontWeight={500}
    size="sm"
    type="outlined"
  >
    Button
  </button>,
  <button
    className="sc-ifAKCX VYpqr"
    color="#4098D7"
    disabled={true}
    fontSize="14px"
    fontWeight={500}
    size="md"
    type="outlined"
  >
    Button
  </button>,
  <button
    className="sc-ifAKCX eYOyXY"
    color="#4098D7"
    disabled={true}
    fontSize="14px"
    fontWeight={500}
    size="md"
    type="outlined"
  >
    Button
  </button>,
  <button
    className="sc-ifAKCX iycdgs"
    color="#4098D7"
    disabled={false}
    fontSize="14px"
    fontWeight={500}
    size="md"
    type="outlined"
  >
    Button
  </button>,
  <button
    className="sc-ifAKCX doHDZo"
    color="#4098D7"
    disabled={false}
    fontSize="14px"
    fontWeight={500}
    size="md"
    type="outlined"
  >
    Button
  </button>,
  <button
    className="sc-ifAKCX dLutAC"
    color="#4098D7"
    disabled={true}
    fontSize="16px"
    fontWeight={700}
    size="lg"
    type="outlined"
  >
    Button
  </button>,
  <button
    className="sc-ifAKCX cOefmw"
    color="#4098D7"
    disabled={true}
    fontSize="16px"
    fontWeight={700}
    size="lg"
    type="outlined"
  >
    Button
  </button>,
  <button
    className="sc-ifAKCX iRmwmm"
    color="#4098D7"
    disabled={false}
    fontSize="16px"
    fontWeight={700}
    size="lg"
    type="outlined"
  >
    Button
  </button>,
  <button
    className="sc-ifAKCX iqpdpb"
    color="#4098D7"
    disabled={false}
    fontSize="16px"
    fontWeight={700}
    size="lg"
    type="outlined"
  >
    Button
  </button>,
  <button
    className="sc-ifAKCX AXXCJ"
    color="#4098D7"
    disabled={true}
    fontSize="20px"
    fontWeight={700}
    size="xl"
    type="outlined"
  >
    Button
  </button>,
  <button
    className="sc-ifAKCX GNmei"
    color="#4098D7"
    disabled={true}
    fontSize="20px"
    fontWeight={700}
    size="xl"
    type="outlined"
  >
    Button
  </button>,
  <button
    className="sc-ifAKCX koKLXc"
    color="#4098D7"
    disabled={false}
    fontSize="20px"
    fontWeight={700}
    size="xl"
    type="outlined"
  >
    Button
  </button>,
  <button
    className="sc-ifAKCX RLkgq"
    color="#4098D7"
    disabled={false}
    fontSize="20px"
    fontWeight={700}
    size="xl"
    type="outlined"
  >
    Button
  </button>,
  <button
    className="sc-ifAKCX dkwkAG"
    color="#724BB7"
    disabled={true}
    fontSize="12px"
    fontWeight={500}
    size="sm"
    type="outlined"
  >
    Button
  </button>,
  <button
    className="sc-ifAKCX gQouZb"
    color="#724BB7"
    disabled={true}
    fontSize="12px"
    fontWeight={500}
    size="sm"
    type="outlined"
  >
    Button
  </button>,
  <button
    className="sc-ifAKCX fdKrOy"
    color="#724BB7"
    disabled={false}
    fontSize="12px"
    fontWeight={500}
    size="sm"
    type="outlined"
  >
    Button
  </button>,
  <button
    className="sc-ifAKCX jieBcR"
    color="#724BB7"
    disabled={false}
    fontSize="12px"
    fontWeight={500}
    size="sm"
    type="outlined"
  >
    Button
  </button>,
  <button
    className="sc-ifAKCX eqMqrE"
    color="#724BB7"
    disabled={true}
    fontSize="14px"
    fontWeight={500}
    size="md"
    type="outlined"
  >
    Button
  </button>,
  <button
    className="sc-ifAKCX eKfJlO"
    color="#724BB7"
    disabled={true}
    fontSize="14px"
    fontWeight={500}
    size="md"
    type="outlined"
  >
    Button
  </button>,
  <button
    className="sc-ifAKCX cawunU"
    color="#724BB7"
    disabled={false}
    fontSize="14px"
    fontWeight={500}
    size="md"
    type="outlined"
  >
    Button
  </button>,
  <button
    className="sc-ifAKCX XFPzJ"
    color="#724BB7"
    disabled={false}
    fontSize="14px"
    fontWeight={500}
    size="md"
    type="outlined"
  >
    Button
  </button>,
  <button
    className="sc-ifAKCX jdjorc"
    color="#724BB7"
    disabled={true}
    fontSize="16px"
    fontWeight={700}
    size="lg"
    type="outlined"
  >
    Button
  </button>,
  <button
    className="sc-ifAKCX eXdgna"
    color="#724BB7"
    disabled={true}
    fontSize="16px"
    fontWeight={700}
    size="lg"
    type="outlined"
  >
    Button
  </button>,
  <button
    className="sc-ifAKCX bgXNqi"
    color="#724BB7"
    disabled={false}
    fontSize="16px"
    fontWeight={700}
    size="lg"
    type="outlined"
  >
    Button
  </button>,
  <button
    className="sc-ifAKCX itknAI"
    color="#724BB7"
    disabled={false}
    fontSize="16px"
    fontWeight={700}
    size="lg"
    type="outlined"
  >
    Button
  </button>,
  <button
    className="sc-ifAKCX feIvyt"
    color="#724BB7"
    disabled={true}
    fontSize="20px"
    fontWeight={700}
    size="xl"
    type="outlined"
  >
    Button
  </button>,
  <button
    className="sc-ifAKCX iLdHUP"
    color="#724BB7"
    disabled={true}
    fontSize="20px"
    fontWeight={700}
    size="xl"
    type="outlined"
  >
    Button
  </button>,
  <button
    className="sc-ifAKCX cfVmAY"
    color="#724BB7"
    disabled={false}
    fontSize="20px"
    fontWeight={700}
    size="xl"
    type="outlined"
  >
    Button
  </button>,
  <button
    className="sc-ifAKCX ceiAET"
    color="#724BB7"
    disabled={false}
    fontSize="20px"
    fontWeight={700}
    size="xl"
    type="outlined"
  >
    Button
  </button>,
  <button
    className="sc-ifAKCX cFGkAR"
    color="#3EBD93"
    disabled={true}
    fontSize="12px"
    fontWeight={500}
    size="sm"
    type="outlined"
  >
    Button
  </button>,
  <button
    className="sc-ifAKCX fLMEZL"
    color="#3EBD93"
    disabled={true}
    fontSize="12px"
    fontWeight={500}
    size="sm"
    type="outlined"
  >
    Button
  </button>,
  <button
    className="sc-ifAKCX beTsDd"
    color="#3EBD93"
    disabled={false}
    fontSize="12px"
    fontWeight={500}
    size="sm"
    type="outlined"
  >
    Button
  </button>,
  <button
    className="sc-ifAKCX ivnZTl"
    color="#3EBD93"
    disabled={false}
    fontSize="12px"
    fontWeight={500}
    size="sm"
    type="outlined"
  >
    Button
  </button>,
  <button
    className="sc-ifAKCX dPPFYh"
    color="#3EBD93"
    disabled={true}
    fontSize="14px"
    fontWeight={500}
    size="md"
    type="outlined"
  >
    Button
  </button>,
  <button
    className="sc-ifAKCX dHexER"
    color="#3EBD93"
    disabled={true}
    fontSize="14px"
    fontWeight={500}
    size="md"
    type="outlined"
  >
    Button
  </button>,
  <button
    className="sc-ifAKCX bwhOIc"
    color="#3EBD93"
    disabled={false}
    fontSize="14px"
    fontWeight={500}
    size="md"
    type="outlined"
  >
    Button
  </button>,
  <button
    className="sc-ifAKCX fkDSeu"
    color="#3EBD93"
    disabled={false}
    fontSize="14px"
    fontWeight={500}
    size="md"
    type="outlined"
  >
    Button
  </button>,
  <button
    className="sc-ifAKCX dakmub"
    color="#3EBD93"
    disabled={true}
    fontSize="16px"
    fontWeight={700}
    size="lg"
    type="outlined"
  >
    Button
  </button>,
  <button
    className="sc-ifAKCX iRXyNt"
    color="#3EBD93"
    disabled={true}
    fontSize="16px"
    fontWeight={700}
    size="lg"
    type="outlined"
  >
    Button
  </button>,
  <button
    className="sc-ifAKCX tAMhd"
    color="#3EBD93"
    disabled={false}
    fontSize="16px"
    fontWeight={700}
    size="lg"
    type="outlined"
  >
    Button
  </button>,
  <button
    className="sc-ifAKCX bGfPau"
    color="#3EBD93"
    disabled={false}
    fontSize="16px"
    fontWeight={700}
    size="lg"
    type="outlined"
  >
    Button
  </button>,
  <button
    className="sc-ifAKCX dlUGca"
    color="#3EBD93"
    disabled={true}
    fontSize="20px"
    fontWeight={700}
    size="xl"
    type="outlined"
  >
    Button
  </button>,
  <button
    className="sc-ifAKCX cKFSPG"
    color="#3EBD93"
    disabled={true}
    fontSize="20px"
    fontWeight={700}
    size="xl"
    type="outlined"
  >
    Button
  </button>,
  <button
    className="sc-ifAKCX jwqBFc"
    color="#3EBD93"
    disabled={false}
    fontSize="20px"
    fontWeight={700}
    size="xl"
    type="outlined"
  >
    Button
  </button>,
  <button
    className="sc-ifAKCX hPVMIQ"
    color="#3EBD93"
    disabled={false}
    fontSize="20px"
    fontWeight={700}
    size="xl"
    type="outlined"
  >
    Button
  </button>,
  <button
    className="sc-ifAKCX bsVPa"
    color="#FFBB00"
    disabled={true}
    fontSize="12px"
    fontWeight={500}
    size="sm"
    type="outlined"
  >
    Button
  </button>,
  <button
    className="sc-ifAKCX hTIyUE"
    color="#FFBB00"
    disabled={true}
    fontSize="12px"
    fontWeight={500}
    size="sm"
    type="outlined"
  >
    Button
  </button>,
  <button
    className="sc-ifAKCX ejDSqR"
    color="#FFBB00"
    disabled={false}
    fontSize="12px"
    fontWeight={500}
    size="sm"
    type="outlined"
  >
    Button
  </button>,
  <button
    className="sc-ifAKCX ghsuoG"
    color="#FFBB00"
    disabled={false}
    fontSize="12px"
    fontWeight={500}
    size="sm"
    type="outlined"
  >
    Button
  </button>,
  <button
    className="sc-ifAKCX leoKIz"
    color="#FFBB00"
    disabled={true}
    fontSize="14px"
    fontWeight={500}
    size="md"
    type="outlined"
  >
    Button
  </button>,
  <button
    className="sc-ifAKCX fCfZGX"
    color="#FFBB00"
    disabled={true}
    fontSize="14px"
    fontWeight={500}
    size="md"
    type="outlined"
  >
    Button
  </button>,
  <button
    className="sc-ifAKCX ctLsus"
    color="#FFBB00"
    disabled={false}
    fontSize="14px"
    fontWeight={500}
    size="md"
    type="outlined"
  >
    Button
  </button>,
  <button
    className="sc-ifAKCX jdYvvp"
    color="#FFBB00"
    disabled={false}
    fontSize="14px"
    fontWeight={500}
    size="md"
    type="outlined"
  >
    Button
  </button>,
  <button
    className="sc-ifAKCX fBiGAt"
    color="#FFBB00"
    disabled={true}
    fontSize="16px"
    fontWeight={700}
    size="lg"
    type="outlined"
  >
    Button
  </button>,
  <button
    className="sc-ifAKCX wuzzo"
    color="#FFBB00"
    disabled={true}
    fontSize="16px"
    fontWeight={700}
    size="lg"
    type="outlined"
  >
    Button
  </button>,
  <button
    className="sc-ifAKCX bfTVyD"
    color="#FFBB00"
    disabled={false}
    fontSize="16px"
    fontWeight={700}
    size="lg"
    type="outlined"
  >
    Button
  </button>,
  <button
    className="sc-ifAKCX jwpSCE"
    color="#FFBB00"
    disabled={false}
    fontSize="16px"
    fontWeight={700}
    size="lg"
    type="outlined"
  >
    Button
  </button>,
  <button
    className="sc-ifAKCX jcrOWS"
    color="#FFBB00"
    disabled={true}
    fontSize="20px"
    fontWeight={700}
    size="xl"
    type="outlined"
  >
    Button
  </button>,
  <button
    className="sc-ifAKCX cZAdPC"
    color="#FFBB00"
    disabled={true}
    fontSize="20px"
    fontWeight={700}
    size="xl"
    type="outlined"
  >
    Button
  </button>,
  <button
    className="sc-ifAKCX enUmWy"
    color="#FFBB00"
    disabled={false}
    fontSize="20px"
    fontWeight={700}
    size="xl"
    type="outlined"
  >
    Button
  </button>,
  <button
    className="sc-ifAKCX indKlD"
    color="#FFBB00"
    disabled={false}
    fontSize="20px"
    fontWeight={700}
    size="xl"
    type="outlined"
  >
    Button
  </button>,
  <button
    className="sc-ifAKCX dtBQwI"
    color="#D64545"
    disabled={true}
    fontSize="12px"
    fontWeight={500}
    size="sm"
    type="outlined"
  >
    Button
  </button>,
  <button
    className="sc-ifAKCX ePKNLC"
    color="#D64545"
    disabled={true}
    fontSize="12px"
    fontWeight={500}
    size="sm"
    type="outlined"
  >
    Button
  </button>,
  <button
    className="sc-ifAKCX egKQrV"
    color="#D64545"
    disabled={false}
    fontSize="12px"
    fontWeight={500}
    size="sm"
    type="outlined"
  >
    Button
  </button>,
  <button
    className="sc-ifAKCX dqBEmM"
    color="#D64545"
    disabled={false}
    fontSize="12px"
    fontWeight={500}
    size="sm"
    type="outlined"
  >
    Button
  </button>,
  <button
    className="sc-ifAKCX faViMP"
    color="#D64545"
    disabled={true}
    fontSize="14px"
    fontWeight={500}
    size="md"
    type="outlined"
  >
    Button
  </button>,
  <button
    className="sc-ifAKCX dNGbkI"
    color="#D64545"
    disabled={true}
    fontSize="14px"
    fontWeight={500}
    size="md"
    type="outlined"
  >
    Button
  </button>,
  <button
    className="sc-ifAKCX iBqMjp"
    color="#D64545"
    disabled={false}
    fontSize="14px"
    fontWeight={500}
    size="md"
    type="outlined"
  >
    Button
  </button>,
  <button
    className="sc-ifAKCX czxtiS"
    color="#D64545"
    disabled={false}
    fontSize="14px"
    fontWeight={500}
    size="md"
    type="outlined"
  >
    Button
  </button>,
  <button
    className="sc-ifAKCX lkbHdy"
    color="#D64545"
    disabled={true}
    fontSize="16px"
    fontWeight={700}
    size="lg"
    type="outlined"
  >
    Button
  </button>,
  <button
    className="sc-ifAKCX lczDai"
    color="#D64545"
    disabled={true}
    fontSize="16px"
    fontWeight={700}
    size="lg"
    type="outlined"
  >
    Button
  </button>,
  <button
    className="sc-ifAKCX cDLgiP"
    color="#D64545"
    disabled={false}
    fontSize="16px"
    fontWeight={700}
    size="lg"
    type="outlined"
  >
    Button
  </button>,
  <button
    className="sc-ifAKCX hzjnPT"
    color="#D64545"
    disabled={false}
    fontSize="16px"
    fontWeight={700}
    size="lg"
    type="outlined"
  >
    Button
  </button>,
  <button
    className="sc-ifAKCX heOaGJ"
    color="#D64545"
    disabled={true}
    fontSize="20px"
    fontWeight={700}
    size="xl"
    type="outlined"
  >
    Button
  </button>,
  <button
    className="sc-ifAKCX eFBLjO"
    color="#D64545"
    disabled={true}
    fontSize="20px"
    fontWeight={700}
    size="xl"
    type="outlined"
  >
    Button
  </button>,
  <button
    className="sc-ifAKCX cZFiGH"
    color="#D64545"
    disabled={false}
    fontSize="20px"
    fontWeight={700}
    size="xl"
    type="outlined"
  >
    Button
  </button>,
  <button
    className="sc-ifAKCX iCIQwV"
    color="#D64545"
    disabled={false}
    fontSize="20px"
    fontWeight={700}
    size="xl"
    type="outlined"
  >
    Button
  </button>,
  <button
    className="sc-ifAKCX ghasZJ"
    color="#9FB3C8"
    disabled={true}
    fontSize="12px"
    fontWeight={500}
    size="sm"
    type="outlined"
  >
    Button
  </button>,
  <button
    className="sc-ifAKCX iiIXLN"
    color="#9FB3C8"
    disabled={true}
    fontSize="12px"
    fontWeight={500}
    size="sm"
    type="outlined"
  >
    Button
  </button>,
  <button
    className="sc-ifAKCX gcPyYr"
    color="#9FB3C8"
    disabled={false}
    fontSize="12px"
    fontWeight={500}
    size="sm"
    type="outlined"
  >
    Button
  </button>,
  <button
    className="sc-ifAKCX gThViz"
    color="#9FB3C8"
    disabled={false}
    fontSize="12px"
    fontWeight={500}
    size="sm"
    type="outlined"
  >
    Button
  </button>,
  <button
    className="sc-ifAKCX hpiflD"
    color="#9FB3C8"
    disabled={true}
    fontSize="14px"
    fontWeight={500}
    size="md"
    type="outlined"
  >
    Button
  </button>,
  <button
    className="sc-ifAKCX bkskdB"
    color="#9FB3C8"
    disabled={true}
    fontSize="14px"
    fontWeight={500}
    size="md"
    type="outlined"
  >
    Button
  </button>,
  <button
    className="sc-ifAKCX gCKbcm"
    color="#9FB3C8"
    disabled={false}
    fontSize="14px"
    fontWeight={500}
    size="md"
    type="outlined"
  >
    Button
  </button>,
  <button
    className="sc-ifAKCX gLppra"
    color="#9FB3C8"
    disabled={false}
    fontSize="14px"
    fontWeight={500}
    size="md"
    type="outlined"
  >
    Button
  </button>,
  <button
    className="sc-ifAKCX gXAGPg"
    color="#9FB3C8"
    disabled={true}
    fontSize="16px"
    fontWeight={700}
    size="lg"
    type="outlined"
  >
    Button
  </button>,
  <button
    className="sc-ifAKCX eXJcnF"
    color="#9FB3C8"
    disabled={true}
    fontSize="16px"
    fontWeight={700}
    size="lg"
    type="outlined"
  >
    Button
  </button>,
  <button
    className="sc-ifAKCX dHfzFc"
    color="#9FB3C8"
    disabled={false}
    fontSize="16px"
    fontWeight={700}
    size="lg"
    type="outlined"
  >
    Button
  </button>,
  <button
    className="sc-ifAKCX dQKnsP"
    color="#9FB3C8"
    disabled={false}
    fontSize="16px"
    fontWeight={700}
    size="lg"
    type="outlined"
  >
    Button
  </button>,
  <button
    className="sc-ifAKCX iLnpLE"
    color="#9FB3C8"
    disabled={true}
    fontSize="20px"
    fontWeight={700}
    size="xl"
    type="outlined"
  >
    Button
  </button>,
  <button
    className="sc-ifAKCX hLarsP"
    color="#9FB3C8"
    disabled={true}
    fontSize="20px"
    fontWeight={700}
    size="xl"
    type="outlined"
  >
    Button
  </button>,
  <button
    className="sc-ifAKCX fCuGGf"
    color="#9FB3C8"
    disabled={false}
    fontSize="20px"
    fontWeight={700}
    size="xl"
    type="outlined"
  >
    Button
  </button>,
  <button
    className="sc-ifAKCX jTdzwr"
    color="#9FB3C8"
    disabled={false}
    fontSize="20px"
    fontWeight={700}
    size="xl"
    type="outlined"
  >
    Button
  </button>,
  <button
    className="sc-ifAKCX cyUtyp"
    color="#4098D7"
    disabled={true}
    fontSize="12px"
    fontWeight={500}
    size="sm"
    type="outlined"
  >
    Button
  </button>,
  <button
    className="sc-ifAKCX fXmHGA"
    color="#4098D7"
    disabled={true}
    fontSize="12px"
    fontWeight={500}
    size="sm"
    type="outlined"
  >
    Button
  </button>,
  <button
    className="sc-ifAKCX ebMOSp"
    color="#4098D7"
    disabled={false}
    fontSize="12px"
    fontWeight={500}
    size="sm"
    type="outlined"
  >
    Button
  </button>,
  <button
    className="sc-ifAKCX fXsLAc"
    color="#4098D7"
    disabled={false}
    fontSize="12px"
    fontWeight={500}
    size="sm"
    type="outlined"
  >
    Button
  </button>,
  <button
    className="sc-ifAKCX VYpqr"
    color="#4098D7"
    disabled={true}
    fontSize="14px"
    fontWeight={500}
    size="md"
    type="outlined"
  >
    Button
  </button>,
  <button
    className="sc-ifAKCX eYOyXY"
    color="#4098D7"
    disabled={true}
    fontSize="14px"
    fontWeight={500}
    size="md"
    type="outlined"
  >
    Button
  </button>,
  <button
    className="sc-ifAKCX iycdgs"
    color="#4098D7"
    disabled={false}
    fontSize="14px"
    fontWeight={500}
    size="md"
    type="outlined"
  >
    Button
  </button>,
  <button
    className="sc-ifAKCX doHDZo"
    color="#4098D7"
    disabled={false}
    fontSize="14px"
    fontWeight={500}
    size="md"
    type="outlined"
  >
    Button
  </button>,
  <button
    className="sc-ifAKCX dLutAC"
    color="#4098D7"
    disabled={true}
    fontSize="16px"
    fontWeight={700}
    size="lg"
    type="outlined"
  >
    Button
  </button>,
  <button
    className="sc-ifAKCX cOefmw"
    color="#4098D7"
    disabled={true}
    fontSize="16px"
    fontWeight={700}
    size="lg"
    type="outlined"
  >
    Button
  </button>,
  <button
    className="sc-ifAKCX iRmwmm"
    color="#4098D7"
    disabled={false}
    fontSize="16px"
    fontWeight={700}
    size="lg"
    type="outlined"
  >
    Button
  </button>,
  <button
    className="sc-ifAKCX iqpdpb"
    color="#4098D7"
    disabled={false}
    fontSize="16px"
    fontWeight={700}
    size="lg"
    type="outlined"
  >
    Button
  </button>,
  <button
    className="sc-ifAKCX AXXCJ"
    color="#4098D7"
    disabled={true}
    fontSize="20px"
    fontWeight={700}
    size="xl"
    type="outlined"
  >
    Button
  </button>,
  <button
    className="sc-ifAKCX GNmei"
    color="#4098D7"
    disabled={true}
    fontSize="20px"
    fontWeight={700}
    size="xl"
    type="outlined"
  >
    Button
  </button>,
  <button
    className="sc-ifAKCX koKLXc"
    color="#4098D7"
    disabled={false}
    fontSize="20px"
    fontWeight={700}
    size="xl"
    type="outlined"
  >
    Button
  </button>,
  <button
    className="sc-ifAKCX RLkgq"
    color="#4098D7"
    disabled={false}
    fontSize="20px"
    fontWeight={700}
    size="xl"
    type="outlined"
  >
    Button
  </button>,
  <button
    className="sc-ifAKCX dkwkAG"
    color="#724BB7"
    disabled={true}
    fontSize="12px"
    fontWeight={500}
    size="sm"
    type="outlined"
  >
    Button
  </button>,
  <button
    className="sc-ifAKCX gQouZb"
    color="#724BB7"
    disabled={true}
    fontSize="12px"
    fontWeight={500}
    size="sm"
    type="outlined"
  >
    Button
  </button>,
  <button
    className="sc-ifAKCX fdKrOy"
    color="#724BB7"
    disabled={false}
    fontSize="12px"
    fontWeight={500}
    size="sm"
    type="outlined"
  >
    Button
  </button>,
  <button
    className="sc-ifAKCX jieBcR"
    color="#724BB7"
    disabled={false}
    fontSize="12px"
    fontWeight={500}
    size="sm"
    type="outlined"
  >
    Button
  </button>,
  <button
    className="sc-ifAKCX eqMqrE"
    color="#724BB7"
    disabled={true}
    fontSize="14px"
    fontWeight={500}
    size="md"
    type="outlined"
  >
    Button
  </button>,
  <button
    className="sc-ifAKCX eKfJlO"
    color="#724BB7"
    disabled={true}
    fontSize="14px"
    fontWeight={500}
    size="md"
    type="outlined"
  >
    Button
  </button>,
  <button
    className="sc-ifAKCX cawunU"
    color="#724BB7"
    disabled={false}
    fontSize="14px"
    fontWeight={500}
    size="md"
    type="outlined"
  >
    Button
  </button>,
  <button
    className="sc-ifAKCX XFPzJ"
    color="#724BB7"
    disabled={false}
    fontSize="14px"
    fontWeight={500}
    size="md"
    type="outlined"
  >
    Button
  </button>,
  <button
    className="sc-ifAKCX jdjorc"
    color="#724BB7"
    disabled={true}
    fontSize="16px"
    fontWeight={700}
    size="lg"
    type="outlined"
  >
    Button
  </button>,
  <button
    className="sc-ifAKCX eXdgna"
    color="#724BB7"
    disabled={true}
    fontSize="16px"
    fontWeight={700}
    size="lg"
    type="outlined"
  >
    Button
  </button>,
  <button
    className="sc-ifAKCX bgXNqi"
    color="#724BB7"
    disabled={false}
    fontSize="16px"
    fontWeight={700}
    size="lg"
    type="outlined"
  >
    Button
  </button>,
  <button
    className="sc-ifAKCX itknAI"
    color="#724BB7"
    disabled={false}
    fontSize="16px"
    fontWeight={700}
    size="lg"
    type="outlined"
  >
    Button
  </button>,
  <button
    className="sc-ifAKCX feIvyt"
    color="#724BB7"
    disabled={true}
    fontSize="20px"
    fontWeight={700}
    size="xl"
    type="outlined"
  >
    Button
  </button>,
  <button
    className="sc-ifAKCX iLdHUP"
    color="#724BB7"
    disabled={true}
    fontSize="20px"
    fontWeight={700}
    size="xl"
    type="outlined"
  >
    Button
  </button>,
  <button
    className="sc-ifAKCX cfVmAY"
    color="#724BB7"
    disabled={false}
    fontSize="20px"
    fontWeight={700}
    size="xl"
    type="outlined"
  >
    Button
  </button>,
  <button
    className="sc-ifAKCX ceiAET"
    color="#724BB7"
    disabled={false}
    fontSize="20px"
    fontWeight={700}
    size="xl"
    type="outlined"
  >
    Button
  </button>,
  <button
    className="sc-ifAKCX cFGkAR"
    color="#3EBD93"
    disabled={true}
    fontSize="12px"
    fontWeight={500}
    size="sm"
    type="outlined"
  >
    Button
  </button>,
  <button
    className="sc-ifAKCX fLMEZL"
    color="#3EBD93"
    disabled={true}
    fontSize="12px"
    fontWeight={500}
    size="sm"
    type="outlined"
  >
    Button
  </button>,
  <button
    className="sc-ifAKCX beTsDd"
    color="#3EBD93"
    disabled={false}
    fontSize="12px"
    fontWeight={500}
    size="sm"
    type="outlined"
  >
    Button
  </button>,
  <button
    className="sc-ifAKCX ivnZTl"
    color="#3EBD93"
    disabled={false}
    fontSize="12px"
    fontWeight={500}
    size="sm"
    type="outlined"
  >
    Button
  </button>,
  <button
    className="sc-ifAKCX dPPFYh"
    color="#3EBD93"
    disabled={true}
    fontSize="14px"
    fontWeight={500}
    size="md"
    type="outlined"
  >
    Button
  </button>,
  <button
    className="sc-ifAKCX dHexER"
    color="#3EBD93"
    disabled={true}
    fontSize="14px"
    fontWeight={500}
    size="md"
    type="outlined"
  >
    Button
  </button>,
  <button
    className="sc-ifAKCX bwhOIc"
    color="#3EBD93"
    disabled={false}
    fontSize="14px"
    fontWeight={500}
    size="md"
    type="outlined"
  >
    Button
  </button>,
  <button
    className="sc-ifAKCX fkDSeu"
    color="#3EBD93"
    disabled={false}
    fontSize="14px"
    fontWeight={500}
    size="md"
    type="outlined"
  >
    Button
  </button>,
  <button
    className="sc-ifAKCX dakmub"
    color="#3EBD93"
    disabled={true}
    fontSize="16px"
    fontWeight={700}
    size="lg"
    type="outlined"
  >
    Button
  </button>,
  <button
    className="sc-ifAKCX iRXyNt"
    color="#3EBD93"
    disabled={true}
    fontSize="16px"
    fontWeight={700}
    size="lg"
    type="outlined"
  >
    Button
  </button>,
  <button
    className="sc-ifAKCX tAMhd"
    color="#3EBD93"
    disabled={false}
    fontSize="16px"
    fontWeight={700}
    size="lg"
    type="outlined"
  >
    Button
  </button>,
  <button
    className="sc-ifAKCX bGfPau"
    color="#3EBD93"
    disabled={false}
    fontSize="16px"
    fontWeight={700}
    size="lg"
    type="outlined"
  >
    Button
  </button>,
  <button
    className="sc-ifAKCX dlUGca"
    color="#3EBD93"
    disabled={true}
    fontSize="20px"
    fontWeight={700}
    size="xl"
    type="outlined"
  >
    Button
  </button>,
  <button
    className="sc-ifAKCX cKFSPG"
    color="#3EBD93"
    disabled={true}
    fontSize="20px"
    fontWeight={700}
    size="xl"
    type="outlined"
  >
    Button
  </button>,
  <button
    className="sc-ifAKCX jwqBFc"
    color="#3EBD93"
    disabled={false}
    fontSize="20px"
    fontWeight={700}
    size="xl"
    type="outlined"
  >
    Button
  </button>,
  <button
    className="sc-ifAKCX hPVMIQ"
    color="#3EBD93"
    disabled={false}
    fontSize="20px"
    fontWeight={700}
    size="xl"
    type="outlined"
  >
    Button
  </button>,
  <button
    className="sc-ifAKCX bsVPa"
    color="#FFBB00"
    disabled={true}
    fontSize="12px"
    fontWeight={500}
    size="sm"
    type="outlined"
  >
    Button
  </button>,
  <button
    className="sc-ifAKCX hTIyUE"
    color="#FFBB00"
    disabled={true}
    fontSize="12px"
    fontWeight={500}
    size="sm"
    type="outlined"
  >
    Button
  </button>,
  <button
    className="sc-ifAKCX ejDSqR"
    color="#FFBB00"
    disabled={false}
    fontSize="12px"
    fontWeight={500}
    size="sm"
    type="outlined"
  >
    Button
  </button>,
  <button
    className="sc-ifAKCX ghsuoG"
    color="#FFBB00"
    disabled={false}
    fontSize="12px"
    fontWeight={500}
    size="sm"
    type="outlined"
  >
    Button
  </button>,
  <button
    className="sc-ifAKCX leoKIz"
    color="#FFBB00"
    disabled={true}
    fontSize="14px"
    fontWeight={500}
    size="md"
    type="outlined"
  >
    Button
  </button>,
  <button
    className="sc-ifAKCX fCfZGX"
    color="#FFBB00"
    disabled={true}
    fontSize="14px"
    fontWeight={500}
    size="md"
    type="outlined"
  >
    Button
  </button>,
  <button
    className="sc-ifAKCX ctLsus"
    color="#FFBB00"
    disabled={false}
    fontSize="14px"
    fontWeight={500}
    size="md"
    type="outlined"
  >
    Button
  </button>,
  <button
    className="sc-ifAKCX jdYvvp"
    color="#FFBB00"
    disabled={false}
    fontSize="14px"
    fontWeight={500}
    size="md"
    type="outlined"
  >
    Button
  </button>,
  <button
    className="sc-ifAKCX fBiGAt"
    color="#FFBB00"
    disabled={true}
    fontSize="16px"
    fontWeight={700}
    size="lg"
    type="outlined"
  >
    Button
  </button>,
  <button
    className="sc-ifAKCX wuzzo"
    color="#FFBB00"
    disabled={true}
    fontSize="16px"
    fontWeight={700}
    size="lg"
    type="outlined"
  >
    Button
  </button>,
  <button
    className="sc-ifAKCX bfTVyD"
    color="#FFBB00"
    disabled={false}
    fontSize="16px"
    fontWeight={700}
    size="lg"
    type="outlined"
  >
    Button
  </button>,
  <button
    className="sc-ifAKCX jwpSCE"
    color="#FFBB00"
    disabled={false}
    fontSize="16px"
    fontWeight={700}
    size="lg"
    type="outlined"
  >
    Button
  </button>,
  <button
    className="sc-ifAKCX jcrOWS"
    color="#FFBB00"
    disabled={true}
    fontSize="20px"
    fontWeight={700}
    size="xl"
    type="outlined"
  >
    Button
  </button>,
  <button
    className="sc-ifAKCX cZAdPC"
    color="#FFBB00"
    disabled={true}
    fontSize="20px"
    fontWeight={700}
    size="xl"
    type="outlined"
  >
    Button
  </button>,
  <button
    className="sc-ifAKCX enUmWy"
    color="#FFBB00"
    disabled={false}
    fontSize="20px"
    fontWeight={700}
    size="xl"
    type="outlined"
  >
    Button
  </button>,
  <button
    className="sc-ifAKCX indKlD"
    color="#FFBB00"
    disabled={false}
    fontSize="20px"
    fontWeight={700}
    size="xl"
    type="outlined"
  >
    Button
  </button>,
  <button
    className="sc-ifAKCX dtBQwI"
    color="#D64545"
    disabled={true}
    fontSize="12px"
    fontWeight={500}
    size="sm"
    type="outlined"
  >
    Button
  </button>,
  <button
    className="sc-ifAKCX ePKNLC"
    color="#D64545"
    disabled={true}
    fontSize="12px"
    fontWeight={500}
    size="sm"
    type="outlined"
  >
    Button
  </button>,
  <button
    className="sc-ifAKCX egKQrV"
    color="#D64545"
    disabled={false}
    fontSize="12px"
    fontWeight={500}
    size="sm"
    type="outlined"
  >
    Button
  </button>,
  <button
    className="sc-ifAKCX dqBEmM"
    color="#D64545"
    disabled={false}
    fontSize="12px"
    fontWeight={500}
    size="sm"
    type="outlined"
  >
    Button
  </button>,
  <button
    className="sc-ifAKCX faViMP"
    color="#D64545"
    disabled={true}
    fontSize="14px"
    fontWeight={500}
    size="md"
    type="outlined"
  >
    Button
  </button>,
  <button
    className="sc-ifAKCX dNGbkI"
    color="#D64545"
    disabled={true}
    fontSize="14px"
    fontWeight={500}
    size="md"
    type="outlined"
  >
    Button
  </button>,
  <button
    className="sc-ifAKCX iBqMjp"
    color="#D64545"
    disabled={false}
    fontSize="14px"
    fontWeight={500}
    size="md"
    type="outlined"
  >
    Button
  </button>,
  <button
    className="sc-ifAKCX czxtiS"
    color="#D64545"
    disabled={false}
    fontSize="14px"
    fontWeight={500}
    size="md"
    type="outlined"
  >
    Button
  </button>,
  <button
    className="sc-ifAKCX lkbHdy"
    color="#D64545"
    disabled={true}
    fontSize="16px"
    fontWeight={700}
    size="lg"
    type="outlined"
  >
    Button
  </button>,
  <button
    className="sc-ifAKCX lczDai"
    color="#D64545"
    disabled={true}
    fontSize="16px"
    fontWeight={700}
    size="lg"
    type="outlined"
  >
    Button
  </button>,
  <button
    className="sc-ifAKCX cDLgiP"
    color="#D64545"
    disabled={false}
    fontSize="16px"
    fontWeight={700}
    size="lg"
    type="outlined"
  >
    Button
  </button>,
  <button
    className="sc-ifAKCX hzjnPT"
    color="#D64545"
    disabled={false}
    fontSize="16px"
    fontWeight={700}
    size="lg"
    type="outlined"
  >
    Button
  </button>,
  <button
    className="sc-ifAKCX heOaGJ"
    color="#D64545"
    disabled={true}
    fontSize="20px"
    fontWeight={700}
    size="xl"
    type="outlined"
  >
    Button
  </button>,
  <button
    className="sc-ifAKCX eFBLjO"
    color="#D64545"
    disabled={true}
    fontSize="20px"
    fontWeight={700}
    size="xl"
    type="outlined"
  >
    Button
  </button>,
  <button
    className="sc-ifAKCX cZFiGH"
    color="#D64545"
    disabled={false}
    fontSize="20px"
    fontWeight={700}
    size="xl"
    type="outlined"
  >
    Button
  </button>,
  <button
    className="sc-ifAKCX iCIQwV"
    color="#D64545"
    disabled={false}
    fontSize="20px"
    fontWeight={700}
    size="xl"
    type="outlined"
  >
    Button
  </button>,
]
`;
