// Jest Snapshot v1, https://goo.gl/fbAQLP

exports[`Box renders 1`] = `
<div
  className="sc-bwzfXH sc-htpNat RhoeF"
  color="primary.3"
>
  Box
</div>
`;

exports[`Button renders 1`] = `
Array [
  <button
    className="sc-EHOje fMcSEg"
    color="#9FB3C8"
    disabled={true}
    size="sm"
    type="outlined"
  >
    Button
  </button>,
  <button
    className="sc-EHOje llyVKm"
    color="#9FB3C8"
    disabled={true}
    size="sm"
    type="outlined"
  >
    Button
  </button>,
  <button
    className="sc-EHOje fxBqNN"
    color="#9FB3C8"
    disabled={false}
    size="sm"
    type="outlined"
  >
    Button
  </button>,
  <button
    className="sc-EHOje dZgIUs"
    color="#9FB3C8"
    disabled={false}
    size="sm"
    type="outlined"
  >
    Button
  </button>,
  <button
    className="sc-EHOje lFboT"
    color="#9FB3C8"
    disabled={true}
    size="md"
    type="outlined"
  >
    Button
  </button>,
  <button
    className="sc-EHOje ioxoyX"
    color="#9FB3C8"
    disabled={true}
    size="md"
    type="outlined"
  >
    Button
  </button>,
  <button
    className="sc-EHOje gWhxeG"
    color="#9FB3C8"
    disabled={false}
    size="md"
    type="outlined"
  >
    Button
  </button>,
  <button
    className="sc-EHOje jdQOma"
    color="#9FB3C8"
    disabled={false}
    size="md"
    type="outlined"
  >
    Button
  </button>,
  <button
    className="sc-EHOje jEfIkh"
    color="#9FB3C8"
    disabled={true}
    size="lg"
    type="outlined"
  >
    Button
  </button>,
  <button
    className="sc-EHOje ffdbGR"
    color="#9FB3C8"
    disabled={true}
    size="lg"
    type="outlined"
  >
    Button
  </button>,
  <button
    className="sc-EHOje jDdDEp"
    color="#9FB3C8"
    disabled={false}
    size="lg"
    type="outlined"
  >
    Button
  </button>,
  <button
    className="sc-EHOje cBtmGd"
    color="#9FB3C8"
    disabled={false}
    size="lg"
    type="outlined"
  >
    Button
  </button>,
  <button
    className="sc-EHOje kpZzmK"
    color="#9FB3C8"
    disabled={true}
    size="xl"
    type="outlined"
  >
    Button
  </button>,
  <button
    className="sc-EHOje gjLISD"
    color="#9FB3C8"
    disabled={true}
    size="xl"
    type="outlined"
  >
    Button
  </button>,
  <button
    className="sc-EHOje bguloN"
    color="#9FB3C8"
    disabled={false}
    size="xl"
    type="outlined"
  >
    Button
  </button>,
  <button
    className="sc-EHOje cDNXZZ"
    color="#9FB3C8"
    disabled={false}
    size="xl"
    type="outlined"
  >
    Button
  </button>,
  <button
    className="sc-EHOje dGzFgW"
    color="#4098D7"
    disabled={true}
    size="sm"
    type="outlined"
  >
    Button
  </button>,
  <button
    className="sc-EHOje fiQVRk"
    color="#4098D7"
    disabled={true}
    size="sm"
    type="outlined"
  >
    Button
  </button>,
  <button
    className="sc-EHOje yxvdb"
    color="#4098D7"
    disabled={false}
    size="sm"
    type="outlined"
  >
    Button
  </button>,
  <button
    className="sc-EHOje jMFnCB"
    color="#4098D7"
    disabled={false}
    size="sm"
    type="outlined"
  >
    Button
  </button>,
  <button
    className="sc-EHOje hpprdg"
    color="#4098D7"
    disabled={true}
    size="md"
    type="outlined"
  >
    Button
  </button>,
  <button
    className="sc-EHOje etdmwm"
    color="#4098D7"
    disabled={true}
    size="md"
    type="outlined"
  >
    Button
  </button>,
  <button
    className="sc-EHOje iTTGVf"
    color="#4098D7"
    disabled={false}
    size="md"
    type="outlined"
  >
    Button
  </button>,
  <button
    className="sc-EHOje fcBkXI"
    color="#4098D7"
    disabled={false}
    size="md"
    type="outlined"
  >
    Button
  </button>,
  <button
    className="sc-EHOje hVwkNN"
    color="#4098D7"
    disabled={true}
    size="lg"
    type="outlined"
  >
    Button
  </button>,
  <button
    className="sc-EHOje gJCAbp"
    color="#4098D7"
    disabled={true}
    size="lg"
    type="outlined"
  >
    Button
  </button>,
  <button
    className="sc-EHOje eIkiSg"
    color="#4098D7"
    disabled={false}
    size="lg"
    type="outlined"
  >
    Button
  </button>,
  <button
    className="sc-EHOje cQyljy"
    color="#4098D7"
    disabled={false}
    size="lg"
    type="outlined"
  >
    Button
  </button>,
  <button
    className="sc-EHOje eREITI"
    color="#4098D7"
    disabled={true}
    size="xl"
    type="outlined"
  >
    Button
  </button>,
  <button
    className="sc-EHOje ekYCxv"
    color="#4098D7"
    disabled={true}
    size="xl"
    type="outlined"
  >
    Button
  </button>,
  <button
    className="sc-EHOje kbujNz"
    color="#4098D7"
    disabled={false}
    size="xl"
    type="outlined"
  >
    Button
  </button>,
  <button
    className="sc-EHOje iZGhtT"
    color="#4098D7"
    disabled={false}
    size="xl"
    type="outlined"
  >
    Button
  </button>,
  <button
    className="sc-EHOje bUibvb"
    color="#724BB7"
    disabled={true}
    size="sm"
    type="outlined"
  >
    Button
  </button>,
  <button
    className="sc-EHOje cGrZHx"
    color="#724BB7"
    disabled={true}
    size="sm"
    type="outlined"
  >
    Button
  </button>,
  <button
    className="sc-EHOje eCEMgz"
    color="#724BB7"
    disabled={false}
    size="sm"
    type="outlined"
  >
    Button
  </button>,
  <button
    className="sc-EHOje jbLSts"
    color="#724BB7"
    disabled={false}
    size="sm"
    type="outlined"
  >
    Button
  </button>,
  <button
    className="sc-EHOje kOFOTb"
    color="#724BB7"
    disabled={true}
    size="md"
    type="outlined"
  >
    Button
  </button>,
  <button
    className="sc-EHOje sLWk"
    color="#724BB7"
    disabled={true}
    size="md"
    type="outlined"
  >
    Button
  </button>,
  <button
    className="sc-EHOje gNbwOO"
    color="#724BB7"
    disabled={false}
    size="md"
    type="outlined"
  >
    Button
  </button>,
  <button
    className="sc-EHOje bAyBkz"
    color="#724BB7"
    disabled={false}
    size="md"
    type="outlined"
  >
    Button
  </button>,
  <button
    className="sc-EHOje fIUUIP"
    color="#724BB7"
    disabled={true}
    size="lg"
    type="outlined"
  >
    Button
  </button>,
  <button
    className="sc-EHOje kbyYeC"
    color="#724BB7"
    disabled={true}
    size="lg"
    type="outlined"
  >
    Button
  </button>,
  <button
    className="sc-EHOje hkEiTz"
    color="#724BB7"
    disabled={false}
    size="lg"
    type="outlined"
  >
    Button
  </button>,
  <button
    className="sc-EHOje kJamkU"
    color="#724BB7"
    disabled={false}
    size="lg"
    type="outlined"
  >
    Button
  </button>,
  <button
    className="sc-EHOje iYhyUx"
    color="#724BB7"
    disabled={true}
    size="xl"
    type="outlined"
  >
    Button
  </button>,
  <button
    className="sc-EHOje kYDbBF"
    color="#724BB7"
    disabled={true}
    size="xl"
    type="outlined"
  >
    Button
  </button>,
  <button
    className="sc-EHOje hnplsP"
    color="#724BB7"
    disabled={false}
    size="xl"
    type="outlined"
  >
    Button
  </button>,
  <button
    className="sc-EHOje kQpxey"
    color="#724BB7"
    disabled={false}
    size="xl"
    type="outlined"
  >
    Button
  </button>,
  <button
    className="sc-EHOje leaJQj"
    color="#3EBD93"
    disabled={true}
    size="sm"
    type="outlined"
  >
    Button
  </button>,
  <button
    className="sc-EHOje hEeZFv"
    color="#3EBD93"
    disabled={true}
    size="sm"
    type="outlined"
  >
    Button
  </button>,
  <button
    className="sc-EHOje joEjFO"
    color="#3EBD93"
    disabled={false}
    size="sm"
    type="outlined"
  >
    Button
  </button>,
  <button
    className="sc-EHOje fQcyfe"
    color="#3EBD93"
    disabled={false}
    size="sm"
    type="outlined"
  >
    Button
  </button>,
  <button
    className="sc-EHOje iitfRe"
    color="#3EBD93"
    disabled={true}
    size="md"
    type="outlined"
  >
    Button
  </button>,
  <button
    className="sc-EHOje emOSYW"
    color="#3EBD93"
    disabled={true}
    size="md"
    type="outlined"
  >
    Button
  </button>,
  <button
    className="sc-EHOje gnAlJY"
    color="#3EBD93"
    disabled={false}
    size="md"
    type="outlined"
  >
    Button
  </button>,
  <button
    className="sc-EHOje hKRvFu"
    color="#3EBD93"
    disabled={false}
    size="md"
    type="outlined"
  >
    Button
  </button>,
  <button
    className="sc-EHOje iwNKpm"
    color="#3EBD93"
    disabled={true}
    size="lg"
    type="outlined"
  >
    Button
  </button>,
  <button
    className="sc-EHOje ZHVm"
    color="#3EBD93"
    disabled={true}
    size="lg"
    type="outlined"
  >
    Button
  </button>,
  <button
    className="sc-EHOje kjCtrE"
    color="#3EBD93"
    disabled={false}
    size="lg"
    type="outlined"
  >
    Button
  </button>,
  <button
    className="sc-EHOje cGVBqZ"
    color="#3EBD93"
    disabled={false}
    size="lg"
    type="outlined"
  >
    Button
  </button>,
  <button
    className="sc-EHOje dSgrCG"
    color="#3EBD93"
    disabled={true}
    size="xl"
    type="outlined"
  >
    Button
  </button>,
  <button
    className="sc-EHOje iMvqEO"
    color="#3EBD93"
    disabled={true}
    size="xl"
    type="outlined"
  >
    Button
  </button>,
  <button
    className="sc-EHOje eSTydN"
    color="#3EBD93"
    disabled={false}
    size="xl"
    type="outlined"
  >
    Button
  </button>,
  <button
    className="sc-EHOje cojlDM"
    color="#3EBD93"
    disabled={false}
    size="xl"
    type="outlined"
  >
    Button
  </button>,
  <button
    className="sc-EHOje jcnBBf"
    color="#FFBB00"
    disabled={true}
    size="sm"
    type="outlined"
  >
    Button
  </button>,
  <button
    className="sc-EHOje jzkbxm"
    color="#FFBB00"
    disabled={true}
    size="sm"
    type="outlined"
  >
    Button
  </button>,
  <button
    className="sc-EHOje iRAkWA"
    color="#FFBB00"
    disabled={false}
    size="sm"
    type="outlined"
  >
    Button
  </button>,
  <button
    className="sc-EHOje hVOfcO"
    color="#FFBB00"
    disabled={false}
    size="sm"
    type="outlined"
  >
    Button
  </button>,
  <button
    className="sc-EHOje ktlXZb"
    color="#FFBB00"
    disabled={true}
    size="md"
    type="outlined"
  >
    Button
  </button>,
  <button
    className="sc-EHOje emxIaP"
    color="#FFBB00"
    disabled={true}
    size="md"
    type="outlined"
  >
    Button
  </button>,
  <button
    className="sc-EHOje fsdmOz"
    color="#FFBB00"
    disabled={false}
    size="md"
    type="outlined"
  >
    Button
  </button>,
  <button
    className="sc-EHOje djBojY"
    color="#FFBB00"
    disabled={false}
    size="md"
    type="outlined"
  >
    Button
  </button>,
  <button
    className="sc-EHOje gsljts"
    color="#FFBB00"
    disabled={true}
    size="lg"
    type="outlined"
  >
    Button
  </button>,
  <button
    className="sc-EHOje LCqio"
    color="#FFBB00"
    disabled={true}
    size="lg"
    type="outlined"
  >
    Button
  </button>,
  <button
    className="sc-EHOje afEfI"
    color="#FFBB00"
    disabled={false}
    size="lg"
    type="outlined"
  >
    Button
  </button>,
  <button
    className="sc-EHOje kkzKZM"
    color="#FFBB00"
    disabled={false}
    size="lg"
    type="outlined"
  >
    Button
  </button>,
  <button
    className="sc-EHOje wjRlQ"
    color="#FFBB00"
    disabled={true}
    size="xl"
    type="outlined"
  >
    Button
  </button>,
  <button
    className="sc-EHOje kIRVke"
    color="#FFBB00"
    disabled={true}
    size="xl"
    type="outlined"
  >
    Button
  </button>,
  <button
    className="sc-EHOje bndFug"
    color="#FFBB00"
    disabled={false}
    size="xl"
    type="outlined"
  >
    Button
  </button>,
  <button
    className="sc-EHOje gSwRRA"
    color="#FFBB00"
    disabled={false}
    size="xl"
    type="outlined"
  >
    Button
  </button>,
  <button
    className="sc-EHOje eZotek"
    color="#D64545"
    disabled={true}
    size="sm"
    type="outlined"
  >
    Button
  </button>,
  <button
    className="sc-EHOje iYqoYi"
    color="#D64545"
    disabled={true}
    size="sm"
    type="outlined"
  >
    Button
  </button>,
  <button
    className="sc-EHOje dKFTaO"
    color="#D64545"
    disabled={false}
    size="sm"
    type="outlined"
  >
    Button
  </button>,
  <button
    className="sc-EHOje ciNyJa"
    color="#D64545"
    disabled={false}
    size="sm"
    type="outlined"
  >
    Button
  </button>,
  <button
    className="sc-EHOje hYMzLr"
    color="#D64545"
    disabled={true}
    size="md"
    type="outlined"
  >
    Button
  </button>,
  <button
    className="sc-EHOje erMdmG"
    color="#D64545"
    disabled={true}
    size="md"
    type="outlined"
  >
    Button
  </button>,
  <button
    className="sc-EHOje ebbYbl"
    color="#D64545"
    disabled={false}
    size="md"
    type="outlined"
  >
    Button
  </button>,
  <button
    className="sc-EHOje fcATvJ"
    color="#D64545"
    disabled={false}
    size="md"
    type="outlined"
  >
    Button
  </button>,
  <button
    className="sc-EHOje XOijo"
    color="#D64545"
    disabled={true}
    size="lg"
    type="outlined"
  >
    Button
  </button>,
  <button
    className="sc-EHOje eFoVju"
    color="#D64545"
    disabled={true}
    size="lg"
    type="outlined"
  >
    Button
  </button>,
  <button
    className="sc-EHOje lfypzi"
    color="#D64545"
    disabled={false}
    size="lg"
    type="outlined"
  >
    Button
  </button>,
  <button
    className="sc-EHOje fgpdik"
    color="#D64545"
    disabled={false}
    size="lg"
    type="outlined"
  >
    Button
  </button>,
  <button
    className="sc-EHOje hQshxM"
    color="#D64545"
    disabled={true}
    size="xl"
    type="outlined"
  >
    Button
  </button>,
  <button
    className="sc-EHOje fpOiBh"
    color="#D64545"
    disabled={true}
    size="xl"
    type="outlined"
  >
    Button
  </button>,
  <button
    className="sc-EHOje ioAoQy"
    color="#D64545"
    disabled={false}
    size="xl"
    type="outlined"
  >
    Button
  </button>,
  <button
    className="sc-EHOje cPNber"
    color="#D64545"
    disabled={false}
    size="xl"
    type="outlined"
  >
    Button
  </button>,
  <button
    className="sc-EHOje fMcSEg"
    color="#9FB3C8"
    disabled={true}
    size="sm"
    type="outlined"
  >
    Button
  </button>,
  <button
    className="sc-EHOje llyVKm"
    color="#9FB3C8"
    disabled={true}
    size="sm"
    type="outlined"
  >
    Button
  </button>,
  <button
    className="sc-EHOje fxBqNN"
    color="#9FB3C8"
    disabled={false}
    size="sm"
    type="outlined"
  >
    Button
  </button>,
  <button
    className="sc-EHOje dZgIUs"
    color="#9FB3C8"
    disabled={false}
    size="sm"
    type="outlined"
  >
    Button
  </button>,
  <button
    className="sc-EHOje lFboT"
    color="#9FB3C8"
    disabled={true}
    size="md"
    type="outlined"
  >
    Button
  </button>,
  <button
    className="sc-EHOje ioxoyX"
    color="#9FB3C8"
    disabled={true}
    size="md"
    type="outlined"
  >
    Button
  </button>,
  <button
    className="sc-EHOje gWhxeG"
    color="#9FB3C8"
    disabled={false}
    size="md"
    type="outlined"
  >
    Button
  </button>,
  <button
    className="sc-EHOje jdQOma"
    color="#9FB3C8"
    disabled={false}
    size="md"
    type="outlined"
  >
    Button
  </button>,
  <button
    className="sc-EHOje jEfIkh"
    color="#9FB3C8"
    disabled={true}
    size="lg"
    type="outlined"
  >
    Button
  </button>,
  <button
    className="sc-EHOje ffdbGR"
    color="#9FB3C8"
    disabled={true}
    size="lg"
    type="outlined"
  >
    Button
  </button>,
  <button
    className="sc-EHOje jDdDEp"
    color="#9FB3C8"
    disabled={false}
    size="lg"
    type="outlined"
  >
    Button
  </button>,
  <button
    className="sc-EHOje cBtmGd"
    color="#9FB3C8"
    disabled={false}
    size="lg"
    type="outlined"
  >
    Button
  </button>,
  <button
    className="sc-EHOje kpZzmK"
    color="#9FB3C8"
    disabled={true}
    size="xl"
    type="outlined"
  >
    Button
  </button>,
  <button
    className="sc-EHOje gjLISD"
    color="#9FB3C8"
    disabled={true}
    size="xl"
    type="outlined"
  >
    Button
  </button>,
  <button
    className="sc-EHOje bguloN"
    color="#9FB3C8"
    disabled={false}
    size="xl"
    type="outlined"
  >
    Button
  </button>,
  <button
    className="sc-EHOje cDNXZZ"
    color="#9FB3C8"
    disabled={false}
    size="xl"
    type="outlined"
  >
    Button
  </button>,
  <button
    className="sc-EHOje dGzFgW"
    color="#4098D7"
    disabled={true}
    size="sm"
    type="outlined"
  >
    Button
  </button>,
  <button
    className="sc-EHOje fiQVRk"
    color="#4098D7"
    disabled={true}
    size="sm"
    type="outlined"
  >
    Button
  </button>,
  <button
    className="sc-EHOje yxvdb"
    color="#4098D7"
    disabled={false}
    size="sm"
    type="outlined"
  >
    Button
  </button>,
  <button
    className="sc-EHOje jMFnCB"
    color="#4098D7"
    disabled={false}
    size="sm"
    type="outlined"
  >
    Button
  </button>,
  <button
    className="sc-EHOje hpprdg"
    color="#4098D7"
    disabled={true}
    size="md"
    type="outlined"
  >
    Button
  </button>,
  <button
    className="sc-EHOje etdmwm"
    color="#4098D7"
    disabled={true}
    size="md"
    type="outlined"
  >
    Button
  </button>,
  <button
    className="sc-EHOje iTTGVf"
    color="#4098D7"
    disabled={false}
    size="md"
    type="outlined"
  >
    Button
  </button>,
  <button
    className="sc-EHOje fcBkXI"
    color="#4098D7"
    disabled={false}
    size="md"
    type="outlined"
  >
    Button
  </button>,
  <button
    className="sc-EHOje hVwkNN"
    color="#4098D7"
    disabled={true}
    size="lg"
    type="outlined"
  >
    Button
  </button>,
  <button
    className="sc-EHOje gJCAbp"
    color="#4098D7"
    disabled={true}
    size="lg"
    type="outlined"
  >
    Button
  </button>,
  <button
    className="sc-EHOje eIkiSg"
    color="#4098D7"
    disabled={false}
    size="lg"
    type="outlined"
  >
    Button
  </button>,
  <button
    className="sc-EHOje cQyljy"
    color="#4098D7"
    disabled={false}
    size="lg"
    type="outlined"
  >
    Button
  </button>,
  <button
    className="sc-EHOje eREITI"
    color="#4098D7"
    disabled={true}
    size="xl"
    type="outlined"
  >
    Button
  </button>,
  <button
    className="sc-EHOje ekYCxv"
    color="#4098D7"
    disabled={true}
    size="xl"
    type="outlined"
  >
    Button
  </button>,
  <button
    className="sc-EHOje kbujNz"
    color="#4098D7"
    disabled={false}
    size="xl"
    type="outlined"
  >
    Button
  </button>,
  <button
    className="sc-EHOje iZGhtT"
    color="#4098D7"
    disabled={false}
    size="xl"
    type="outlined"
  >
    Button
  </button>,
  <button
    className="sc-EHOje bUibvb"
    color="#724BB7"
    disabled={true}
    size="sm"
    type="outlined"
  >
    Button
  </button>,
  <button
    className="sc-EHOje cGrZHx"
    color="#724BB7"
    disabled={true}
    size="sm"
    type="outlined"
  >
    Button
  </button>,
  <button
    className="sc-EHOje eCEMgz"
    color="#724BB7"
    disabled={false}
    size="sm"
    type="outlined"
  >
    Button
  </button>,
  <button
    className="sc-EHOje jbLSts"
    color="#724BB7"
    disabled={false}
    size="sm"
    type="outlined"
  >
    Button
  </button>,
  <button
    className="sc-EHOje kOFOTb"
    color="#724BB7"
    disabled={true}
    size="md"
    type="outlined"
  >
    Button
  </button>,
  <button
    className="sc-EHOje sLWk"
    color="#724BB7"
    disabled={true}
    size="md"
    type="outlined"
  >
    Button
  </button>,
  <button
    className="sc-EHOje gNbwOO"
    color="#724BB7"
    disabled={false}
    size="md"
    type="outlined"
  >
    Button
  </button>,
  <button
    className="sc-EHOje bAyBkz"
    color="#724BB7"
    disabled={false}
    size="md"
    type="outlined"
  >
    Button
  </button>,
  <button
    className="sc-EHOje fIUUIP"
    color="#724BB7"
    disabled={true}
    size="lg"
    type="outlined"
  >
    Button
  </button>,
  <button
    className="sc-EHOje kbyYeC"
    color="#724BB7"
    disabled={true}
    size="lg"
    type="outlined"
  >
    Button
  </button>,
  <button
    className="sc-EHOje hkEiTz"
    color="#724BB7"
    disabled={false}
    size="lg"
    type="outlined"
  >
    Button
  </button>,
  <button
    className="sc-EHOje kJamkU"
    color="#724BB7"
    disabled={false}
    size="lg"
    type="outlined"
  >
    Button
  </button>,
  <button
    className="sc-EHOje iYhyUx"
    color="#724BB7"
    disabled={true}
    size="xl"
    type="outlined"
  >
    Button
  </button>,
  <button
    className="sc-EHOje kYDbBF"
    color="#724BB7"
    disabled={true}
    size="xl"
    type="outlined"
  >
    Button
  </button>,
  <button
    className="sc-EHOje hnplsP"
    color="#724BB7"
    disabled={false}
    size="xl"
    type="outlined"
  >
    Button
  </button>,
  <button
    className="sc-EHOje kQpxey"
    color="#724BB7"
    disabled={false}
    size="xl"
    type="outlined"
  >
    Button
  </button>,
  <button
    className="sc-EHOje leaJQj"
    color="#3EBD93"
    disabled={true}
    size="sm"
    type="outlined"
  >
    Button
  </button>,
  <button
    className="sc-EHOje hEeZFv"
    color="#3EBD93"
    disabled={true}
    size="sm"
    type="outlined"
  >
    Button
  </button>,
  <button
    className="sc-EHOje joEjFO"
    color="#3EBD93"
    disabled={false}
    size="sm"
    type="outlined"
  >
    Button
  </button>,
  <button
    className="sc-EHOje fQcyfe"
    color="#3EBD93"
    disabled={false}
    size="sm"
    type="outlined"
  >
    Button
  </button>,
  <button
    className="sc-EHOje iitfRe"
    color="#3EBD93"
    disabled={true}
    size="md"
    type="outlined"
  >
    Button
  </button>,
  <button
    className="sc-EHOje emOSYW"
    color="#3EBD93"
    disabled={true}
    size="md"
    type="outlined"
  >
    Button
  </button>,
  <button
    className="sc-EHOje gnAlJY"
    color="#3EBD93"
    disabled={false}
    size="md"
    type="outlined"
  >
    Button
  </button>,
  <button
    className="sc-EHOje hKRvFu"
    color="#3EBD93"
    disabled={false}
    size="md"
    type="outlined"
  >
    Button
  </button>,
  <button
    className="sc-EHOje iwNKpm"
    color="#3EBD93"
    disabled={true}
    size="lg"
    type="outlined"
  >
    Button
  </button>,
  <button
    className="sc-EHOje ZHVm"
    color="#3EBD93"
    disabled={true}
    size="lg"
    type="outlined"
  >
    Button
  </button>,
  <button
    className="sc-EHOje kjCtrE"
    color="#3EBD93"
    disabled={false}
    size="lg"
    type="outlined"
  >
    Button
  </button>,
  <button
    className="sc-EHOje cGVBqZ"
    color="#3EBD93"
    disabled={false}
    size="lg"
    type="outlined"
  >
    Button
  </button>,
  <button
    className="sc-EHOje dSgrCG"
    color="#3EBD93"
    disabled={true}
    size="xl"
    type="outlined"
  >
    Button
  </button>,
  <button
    className="sc-EHOje iMvqEO"
    color="#3EBD93"
    disabled={true}
    size="xl"
    type="outlined"
  >
    Button
  </button>,
  <button
    className="sc-EHOje eSTydN"
    color="#3EBD93"
    disabled={false}
    size="xl"
    type="outlined"
  >
    Button
  </button>,
  <button
    className="sc-EHOje cojlDM"
    color="#3EBD93"
    disabled={false}
    size="xl"
    type="outlined"
  >
    Button
  </button>,
  <button
    className="sc-EHOje jcnBBf"
    color="#FFBB00"
    disabled={true}
    size="sm"
    type="outlined"
  >
    Button
  </button>,
  <button
    className="sc-EHOje jzkbxm"
    color="#FFBB00"
    disabled={true}
    size="sm"
    type="outlined"
  >
    Button
  </button>,
  <button
    className="sc-EHOje iRAkWA"
    color="#FFBB00"
    disabled={false}
    size="sm"
    type="outlined"
  >
    Button
  </button>,
  <button
    className="sc-EHOje hVOfcO"
    color="#FFBB00"
    disabled={false}
    size="sm"
    type="outlined"
  >
    Button
  </button>,
  <button
    className="sc-EHOje ktlXZb"
    color="#FFBB00"
    disabled={true}
    size="md"
    type="outlined"
  >
    Button
  </button>,
  <button
    className="sc-EHOje emxIaP"
    color="#FFBB00"
    disabled={true}
    size="md"
    type="outlined"
  >
    Button
  </button>,
  <button
    className="sc-EHOje fsdmOz"
    color="#FFBB00"
    disabled={false}
    size="md"
    type="outlined"
  >
    Button
  </button>,
  <button
    className="sc-EHOje djBojY"
    color="#FFBB00"
    disabled={false}
    size="md"
    type="outlined"
  >
    Button
  </button>,
  <button
    className="sc-EHOje gsljts"
    color="#FFBB00"
    disabled={true}
    size="lg"
    type="outlined"
  >
    Button
  </button>,
  <button
    className="sc-EHOje LCqio"
    color="#FFBB00"
    disabled={true}
    size="lg"
    type="outlined"
  >
    Button
  </button>,
  <button
    className="sc-EHOje afEfI"
    color="#FFBB00"
    disabled={false}
    size="lg"
    type="outlined"
  >
    Button
  </button>,
  <button
    className="sc-EHOje kkzKZM"
    color="#FFBB00"
    disabled={false}
    size="lg"
    type="outlined"
  >
    Button
  </button>,
  <button
    className="sc-EHOje wjRlQ"
    color="#FFBB00"
    disabled={true}
    size="xl"
    type="outlined"
  >
    Button
  </button>,
  <button
    className="sc-EHOje kIRVke"
    color="#FFBB00"
    disabled={true}
    size="xl"
    type="outlined"
  >
    Button
  </button>,
  <button
    className="sc-EHOje bndFug"
    color="#FFBB00"
    disabled={false}
    size="xl"
    type="outlined"
  >
    Button
  </button>,
  <button
    className="sc-EHOje gSwRRA"
    color="#FFBB00"
    disabled={false}
    size="xl"
    type="outlined"
  >
    Button
  </button>,
  <button
    className="sc-EHOje eZotek"
    color="#D64545"
    disabled={true}
    size="sm"
    type="outlined"
  >
    Button
  </button>,
  <button
    className="sc-EHOje iYqoYi"
    color="#D64545"
    disabled={true}
    size="sm"
    type="outlined"
  >
    Button
  </button>,
  <button
    className="sc-EHOje dKFTaO"
    color="#D64545"
    disabled={false}
    size="sm"
    type="outlined"
  >
    Button
  </button>,
  <button
    className="sc-EHOje ciNyJa"
    color="#D64545"
    disabled={false}
    size="sm"
    type="outlined"
  >
    Button
  </button>,
  <button
    className="sc-EHOje hYMzLr"
    color="#D64545"
    disabled={true}
    size="md"
    type="outlined"
  >
    Button
  </button>,
  <button
    className="sc-EHOje erMdmG"
    color="#D64545"
    disabled={true}
    size="md"
    type="outlined"
  >
    Button
  </button>,
  <button
    className="sc-EHOje ebbYbl"
    color="#D64545"
    disabled={false}
    size="md"
    type="outlined"
  >
    Button
  </button>,
  <button
    className="sc-EHOje fcATvJ"
    color="#D64545"
    disabled={false}
    size="md"
    type="outlined"
  >
    Button
  </button>,
  <button
    className="sc-EHOje XOijo"
    color="#D64545"
    disabled={true}
    size="lg"
    type="outlined"
  >
    Button
  </button>,
  <button
    className="sc-EHOje eFoVju"
    color="#D64545"
    disabled={true}
    size="lg"
    type="outlined"
  >
    Button
  </button>,
  <button
    className="sc-EHOje lfypzi"
    color="#D64545"
    disabled={false}
    size="lg"
    type="outlined"
  >
    Button
  </button>,
  <button
    className="sc-EHOje fgpdik"
    color="#D64545"
    disabled={false}
    size="lg"
    type="outlined"
  >
    Button
  </button>,
  <button
    className="sc-EHOje hQshxM"
    color="#D64545"
    disabled={true}
    size="xl"
    type="outlined"
  >
    Button
  </button>,
  <button
    className="sc-EHOje fpOiBh"
    color="#D64545"
    disabled={true}
    size="xl"
    type="outlined"
  >
    Button
  </button>,
  <button
    className="sc-EHOje ioAoQy"
    color="#D64545"
    disabled={false}
    size="xl"
    type="outlined"
  >
    Button
  </button>,
  <button
    className="sc-EHOje cPNber"
    color="#D64545"
    disabled={false}
    size="xl"
    type="outlined"
  >
    Button
  </button>,
]
`;
